[Licensing::Module] Trying to connect to existing licensing client channel...
Built from '6000.2/staging' branch; Version is '6000.2.15f1 (0707b6d1e918) revision 460726'; Using compiler version '194234433'; Build Type 'Release'
[Licensing::IpcConnector] Successfully connected to: "LicenseClient-Lenovo" at "2026-01-20T10:53:52.3848103Z"
OS: 'Windows 11  (10.0.26100) 64bit CoreSingleLanguage' Language: 'en' Physical Memory: 16107 MB
BatchMode: 1, IsHumanControllingUs: 0, StartBugReporterOnCrash: 0, Is64bit: 1
Date: 2026-01-20T10:53:52Z

COMMAND LINE ARGUMENTS:
C:\Program Files\Unity\Hub\Editor\6000.2.15f1\Editor\Unity.exe
-adb2
-batchMode
-noUpm
-name
AssetImportWorker2
-projectPath
C:/Users/Lenovo/My project
-logFile
Logs/AssetImportWorker2.log
-srvPort
51254
-job-worker-count
5
-background-job-worker-count
8
-gc-helper-count
1
-name
AssetImport
Successfully changed project path to: C:/Users/Lenovo/My project
C:/Users/Lenovo/My project
[UnityMemory] Configuration Parameters - Can be set up in boot.config
    "memorysetup-allocator-temp-initial-block-size-main=262144"
    "memorysetup-allocator-temp-initial-block-size-worker=262144"
    "memorysetup-bucket-allocator-granularity=16"
    "memorysetup-bucket-allocator-bucket-count=8"
    "memorysetup-bucket-allocator-block-size=33554432"
    "memorysetup-bucket-allocator-block-count=8"
    "memorysetup-main-allocator-block-size=16777216"
    "memorysetup-thread-allocator-block-size=16777216"
    "memorysetup-gfx-main-allocator-block-size=16777216"
    "memorysetup-gfx-thread-allocator-block-size=16777216"
    "memorysetup-cache-allocator-block-size=4194304"
    "memorysetup-typetree-allocator-block-size=2097152"
    "memorysetup-profiler-bucket-allocator-granularity=16"
    "memorysetup-profiler-bucket-allocator-bucket-count=8"
    "memorysetup-profiler-bucket-allocator-block-size=33554432"
    "memorysetup-profiler-bucket-allocator-block-count=8"
    "memorysetup-profiler-allocator-block-size=16777216"
    "memorysetup-profiler-editor-allocator-block-size=1048576"
    "memorysetup-temp-allocator-size-main=16777216"
    "memorysetup-job-temp-allocator-block-size=2097152"
    "memorysetup-job-temp-allocator-block-size-background=1048576"
    "memorysetup-job-temp-allocator-reduction-small-platforms=262144"
    "memorysetup-temp-allocator-size-background-worker=32768"
    "memorysetup-temp-allocator-size-job-worker=262144"
    "memorysetup-temp-allocator-size-preload-manager=33554432"
    "memorysetup-temp-allocator-size-nav-mesh-worker=65536"
    "memorysetup-temp-allocator-size-audio-worker=65536"
    "memorysetup-temp-allocator-size-cloud-worker=32768"
    "memorysetup-temp-allocator-size-gi-baking-worker=262144"
    "memorysetup-temp-allocator-size-gi-baking-worker=262144"
    "memorysetup-temp-allocator-size-gi-baking-worker=262144"
    "memorysetup-temp-allocator-size-gi-baking-worker=262144"
    "memorysetup-temp-allocator-size-gi-baking-worker=262144"
    "memorysetup-temp-allocator-size-gfx=262144"
Player connection [19628]  Target information:

Player connection [19628]  * "[IP] 10.116.213.195 [Port] 0 [Flags] 2 [Guid] 88316147 [EditorId] 88316147 [Version] 1048832 [Id] WindowsEditor(7,LAPTOP-FNI815FS) [Debug] 1 [PackageName] WindowsEditor [ProjectName] Editor" 

Player connection [19628] Host joined multi-casting on [225.0.0.222:54997]...
Player connection [19628] Host joined alternative multi-casting on [225.0.0.222:34997]...
JobSystem: Creating JobQueue using job-worker-count value 5
Input System module state changed to: Initialized.
[Physics::Module] Initialized fallback backend.
[Physics::Module] Id: 0xdecafbad
Library Redirect Path: Library/
[Physics::Module] Selected backend.
[Physics::Module] Name: PhysX
[Physics::Module] Id: 0xf2b8ea05
[Physics::Module] SDK Version: 4.1.2
[Physics::Module] Integration Version: 1.0.0
[Physics::Module] Threading Mode: Multi-Threaded
Refreshing native plugins compatible for Editor in 3.17 ms, found 4 plugins.
Preloading 0 native plugins for Editor in 0.00 ms.
Initialize engine version: 6000.2.15f1 (0707b6d1e918)
[Subsystems] Discovering subsystems at path C:/Program Files/Unity/Hub/Editor/6000.2.15f1/Editor/Data/Resources/UnitySubsystems
[Subsystems] Discovering subsystems at path C:/Users/Lenovo/My project/Assets
GfxDevice: creating device client; kGfxThreadingModeNonThreaded
Direct3D:
    Version:  Direct3D 11.0 [level 11.1]
    Renderer: NVIDIA GeForce RTX 3050 6GB Laptop GPU (ID=0x25ac)
    Vendor:   NVIDIA
    VRAM:     6002 MB
    Driver:   32.0.15.7705
Initialize mono
Mono path[0] = 'C:/Program Files/Unity/Hub/Editor/6000.2.15f1/Editor/Data/Managed'
Mono path[1] = 'C:/Program Files/Unity/Hub/Editor/6000.2.15f1/Editor/Data/MonoBleedingEdge/lib/mono/unityjit-win32'
Mono config path = 'C:/Program Files/Unity/Hub/Editor/6000.2.15f1/Editor/Data/MonoBleedingEdge/etc'
Using monoOptions --debugger-agent=transport=dt_socket,embedding=1,server=y,suspend=n,address=127.0.0.1:56388
Begin MonoManager ReloadAssembly
Registering precompiled unity dll's ...
Register platform support module: C:/Program Files/Unity/Hub/Editor/6000.2.15f1/Editor/Data/PlaybackEngines/WebGLSupport/UnityEditor.WebGL.Extensions.dll
Register platform support module: C:/Program Files/Unity/Hub/Editor/6000.2.15f1/Editor/Data/PlaybackEngines/WindowsStandaloneSupport/UnityEditor.WindowsStandalone.Extensions.dll
Registered in 0.001582 seconds.
- Loaded All Assemblies, in  0.469 seconds
Native extension for WindowsStandalone target not found
Native extension for WebGL target not found
Mono: successfully reloaded assembly
- Finished resetting the current domain, in  0.429 seconds
Domain Reload Profiling: 896ms
	BeginReloadAssembly (150ms)
		ExecutionOrderSort (0ms)
		DisableScriptedObjects (0ms)
		BackupInstance (0ms)
		ReleaseScriptingObjects (0ms)
		CreateAndSetChildDomain (1ms)
	RebuildCommonClasses (47ms)
	RebuildNativeTypeToScriptingClass (14ms)
	initialDomainReloadingComplete (59ms)
	LoadAllAssembliesAndSetupDomain (197ms)
		LoadAssemblies (147ms)
		RebuildTransferFunctionScriptingTraits (0ms)
		AnalyzeDomain (193ms)
			TypeCache.Refresh (192ms)
				TypeCache.ScanAssembly (178ms)
			BuildScriptInfoCaches (0ms)
			ResolveRequiredComponents (0ms)
	FinalizeReload (430ms)
		ReleaseScriptCaches (0ms)
		RebuildScriptCaches (0ms)
		SetupLoadedEditorAssemblies (371ms)
			LogAssemblyErrors (0ms)
			InitializePlatformSupportModulesInManaged (69ms)
			SetLoadedEditorAssemblies (5ms)
			BeforeProcessingInitializeOnLoad (80ms)
			ProcessInitializeOnLoadAttributes (152ms)
			ProcessInitializeOnLoadMethodAttributes (65ms)
			AfterProcessingInitializeOnLoad (0ms)
			EditorAssembliesLoaded (0ms)
		ExecutionOrderSort2 (0ms)
		AwakeInstancesAfterBackupRestoration (0ms)
========================================================================
Worker process is ready to serve import requests
Import Worker Mode flag is 0x00
Begin MonoManager ReloadAssembly
[Licensing::Module] Licensing is not yet initialized.
[Licensing::Client] Error: HandshakeResponse reported an error:
	ResponseCode: 505
	ResponseStatus: Unsupported protocol version '1.17.4'.
[Licensing::Module] Error: Failed to handshake to channel: "LicenseClient-Lenovo"
[Licensing::IpcConnector] LicenseClient-Lenovo channel disconnected successfully.
[Licensing::IpcConnector] Successfully connected to: "LicenseClient-Lenovo-6000.2.15" at "2026-01-20T10:53:54.6563385Z"
[Licensing::Client] Handshaking with LicensingClient:
  Version:                 1.17.4+4293ba1
  Session Id:              da32d822c6794f328276ba39e90bb608
  Correlation Id:          dd7c100e5a8df36bf42d215782ff1f41
  External correlation Id: 2019515735439505821
  Machine Id:              MeeVlPLDorwzHihrW8CDWgdIOfs=
[Licensing::Module] Successfully connected to LicensingClient on channel: "LicenseClient-Lenovo-6000.2.15" (connect: 0.00s, validation: 0.00s, handshake: 2.21s)
[Licensing::IpcConnector] Successfully connected to: "LicenseClient-Lenovo-6000.2.15-notifications" at "2026-01-20T10:53:56.869519Z"
[Licensing::Module] Licensing Background thread has ended after 4.48s
[Licensing::Module] Licensing is initialized (took 2.56s).
[Licensing::Client] Successfully resolved entitlement details
[Licensing::Module] License group:
  Id: 18968355647504-UnityPersXXXX
  Product: Unity Personal
  Type: Assigned
  Expiration: Unlimited
- Loaded All Assemblies, in  3.559 seconds
Refreshing native plugins compatible for Editor in 1.60 ms, found 4 plugins.
Native extension for WindowsStandalone target not found
Native extension for WebGL target not found
Package Manager log level set to [2]
[Package Manager] Failed to launch server process. Reason: Unity was launched with the -noUpm command-line argument
[Package Manager] Unable to send message (not connected to server process).
[Package Manager] Cannot connect to Unity Package Manager local server
Mono: successfully reloaded assembly
- Finished resetting the current domain, in  0.981 seconds
Domain Reload Profiling: 4536ms
	BeginReloadAssembly (2773ms)
		ExecutionOrderSort (0ms)
		DisableScriptedObjects (7ms)
		BackupInstance (0ms)
		ReleaseScriptingObjects (0ms)
		CreateAndSetChildDomain (38ms)
	RebuildCommonClasses (45ms)
	RebuildNativeTypeToScriptingClass (13ms)
	initialDomainReloadingComplete (51ms)
	LoadAllAssembliesAndSetupDomain (673ms)
		LoadAssemblies (456ms)
		RebuildTransferFunctionScriptingTraits (0ms)
		AnalyzeDomain (334ms)
			TypeCache.Refresh (246ms)
				TypeCache.ScanAssembly (226ms)
			BuildScriptInfoCaches (66ms)
			ResolveRequiredComponents (16ms)
	FinalizeReload (981ms)
		ReleaseScriptCaches (0ms)
		RebuildScriptCaches (0ms)
		SetupLoadedEditorAssemblies (807ms)
			LogAssemblyErrors (0ms)
			InitializePlatformSupportModulesInManaged (3ms)
			SetLoadedEditorAssemblies (4ms)
			BeforeProcessingInitializeOnLoad (161ms)
			ProcessInitializeOnLoadAttributes (493ms)
			ProcessInitializeOnLoadMethodAttributes (141ms)
			AfterProcessingInitializeOnLoad (6ms)
			EditorAssembliesLoaded (0ms)
		ExecutionOrderSort2 (0ms)
		AwakeInstancesAfterBackupRestoration (8ms)
Launched and connected shader compiler UnityShaderCompiler.exe after 0.03 seconds
Refreshing native plugins compatible for Editor in 1.75 ms, found 4 plugins.
Preloading 0 native plugins for Editor in 0.00 ms.
Unloading 14 Unused Serialized files (Serialized files now loaded: 0)
Unloading 6813 unused Assets / (4.4 MB). Loaded Objects now: 7540.
Memory consumption went from 142.1 MB to 137.7 MB.
Total: 12.109500 ms (FindLiveObjects: 0.808500 ms CreateObjectMapping: 1.099700 ms MarkObjects: 6.771000 ms  DeleteObjects: 3.428700 ms)

========================================================================
Received Import Request.
  Time since last request: 3457.768599 seconds.
  path: Assets/IndieDevs/Visual Novel Engine/Example/Images/Characters/kohaku_schwin_disgusted.png
  artifactKey: Guid(9d3806c881f8ea0449f9fef3e7e2359f) Importer(2089858483,192608db42251d675da83286b1cce702)
Start importing Assets/IndieDevs/Visual Novel Engine/Example/Images/Characters/kohaku_schwin_disgusted.png using Guid(9d3806c881f8ea0449f9fef3e7e2359f) Importer(2089858483,192608db42251d675da83286b1cce702) (ScriptedImporter) -> (artifact id: '7bbfb1500ba852194fb7df9be4ddad41') in 0.2436034 seconds
Number of updated asset objects reloaded before import = 0Number of asset objects unloaded after import = 3

========================================================================
Received Import Request.
  Time since last request: 0.000030 seconds.
  path: Assets/IndieDevs/Visual Novel Engine/Animations/Transitions/Stage_Out.anim
  artifactKey: Guid(4cf2cfac9daff1d47a69aec0ef88e171) Importer(2089858483,192608db42251d675da83286b1cce702)
Start importing Assets/IndieDevs/Visual Novel Engine/Animations/Transitions/Stage_Out.anim using Guid(4cf2cfac9daff1d47a69aec0ef88e171) Importer(2089858483,192608db42251d675da83286b1cce702) (ScriptedImporter) -> (artifact id: '89d2f16d98c2e3e03c38a6b1cced7863') in 0.021257 seconds
Number of updated asset objects reloaded before import = 0Number of asset objects unloaded after import = 1

========================================================================
Received Import Request.
  Time since last request: 0.000049 seconds.
  path: Assets/IndieDevs/Visual Novel Engine/Example/Images/Characters/kohaku_schwin_angry.png
  artifactKey: Guid(1fe162539c40707499c2a781da7460f1) Importer(2089858483,192608db42251d675da83286b1cce702)
Start importing Assets/IndieDevs/Visual Novel Engine/Example/Images/Characters/kohaku_schwin_angry.png using Guid(1fe162539c40707499c2a781da7460f1) Importer(2089858483,192608db42251d675da83286b1cce702) (ScriptedImporter) -> (artifact id: 'b92cd99edae4299f05dcded75f9c36dd') in 0.0160575 seconds
Number of updated asset objects reloaded before import = 0Number of asset objects unloaded after import = 3

========================================================================
Received Import Request.
  Time since last request: 0.000030 seconds.
  path: Assets/IndieDevs/Visual Novel Engine/Example/Images/Characters/chinatsu_schwin_upset.png
  artifactKey: Guid(f375267c5ca38174b9ca026a7ecc53b4) Importer(2089858483,192608db42251d675da83286b1cce702)
Start importing Assets/IndieDevs/Visual Novel Engine/Example/Images/Characters/chinatsu_schwin_upset.png using Guid(f375267c5ca38174b9ca026a7ecc53b4) Importer(2089858483,192608db42251d675da83286b1cce702) (ScriptedImporter) -> (artifact id: 'e0d139dd8ef69eb44c91fa6e55a1a148') in 0.0146986 seconds
Number of updated asset objects reloaded before import = 0Number of asset objects unloaded after import = 3

========================================================================
Received Import Request.
  Time since last request: 0.000025 seconds.
  path: Assets/TextMesh Pro/Shaders/TMP_SDF-Mobile Masking.shader
  artifactKey: Guid(bc1ede39bf3643ee8e493720e4259791) Importer(2089858483,192608db42251d675da83286b1cce702)
Start importing Assets/TextMesh Pro/Shaders/TMP_SDF-Mobile Masking.shader using Guid(bc1ede39bf3643ee8e493720e4259791) Importer(2089858483,192608db42251d675da83286b1cce702) (ScriptedImporter) -> (artifact id: '3911ef3709c49190d6cc07813c075e83') in 0.0122098 seconds
Number of updated asset objects reloaded before import = 0Number of asset objects unloaded after import = 1

========================================================================
Received Import Request.
  Time since last request: 0.000030 seconds.
  path: Assets/IndieDevs/Visual Novel Engine/Example/Images/Characters/tomomi_schwin_normalblush.png
  artifactKey: Guid(5abb08c9b742c2148b19d19ba7364995) Importer(2089858483,192608db42251d675da83286b1cce702)
Start importing Assets/IndieDevs/Visual Novel Engine/Example/Images/Characters/tomomi_schwin_normalblush.png using Guid(5abb08c9b742c2148b19d19ba7364995) Importer(2089858483,192608db42251d675da83286b1cce702) (ScriptedImporter) -> (artifact id: '72f35e0f4bb700ff512e90a3666f4caa') in 0.0129216 seconds
Number of updated asset objects reloaded before import = 0Number of asset objects unloaded after import = 3

========================================================================
Received Import Request.
  Time since last request: 0.000019 seconds.
  path: Assets/IndieDevs/Visual Novel Engine/Example/Scenes/House.unity
  artifactKey: Guid(afcd845b31015f944884135c859400de) Importer(2089858483,192608db42251d675da83286b1cce702)
Start importing Assets/IndieDevs/Visual Novel Engine/Example/Scenes/House.unity using Guid(afcd845b31015f944884135c859400de) Importer(2089858483,192608db42251d675da83286b1cce702) (ScriptedImporter) -> (artifact id: 'e869e1040754ab10fe4086b20fb69856') in 0.0054693 seconds
Number of updated asset objects reloaded before import = 0Number of asset objects unloaded after import = 1

========================================================================
Received Import Request.
  Time since last request: 0.000034 seconds.
  path: Assets/IndieDevs/Visual Novel Engine/Example/Images/Characters/tomomi_schwin_purp.png
  artifactKey: Guid(1b20b0404fb50764e8c534a4cd84e582) Importer(2089858483,192608db42251d675da83286b1cce702)
Start importing Assets/IndieDevs/Visual Novel Engine/Example/Images/Characters/tomomi_schwin_purp.png using Guid(1b20b0404fb50764e8c534a4cd84e582) Importer(2089858483,192608db42251d675da83286b1cce702) (ScriptedImporter) -> (artifact id: 'cc8bf26e44ba65560f7fb6504f5acaa6') in 0.011713 seconds
Number of updated asset objects reloaded before import = 0Number of asset objects unloaded after import = 3

========================================================================
Received Import Request.
  Time since last request: 0.000026 seconds.
  path: Assets/IndieDevs/Visual Novel Engine/Example/Prefabs/Managers/Game Manager.prefab
  artifactKey: Guid(74f08429a1bbc8046baec8bd7ac2d7cc) Importer(2089858483,192608db42251d675da83286b1cce702)
Start importing Assets/IndieDevs/Visual Novel Engine/Example/Prefabs/Managers/Game Manager.prefab using Guid(74f08429a1bbc8046baec8bd7ac2d7cc) Importer(2089858483,192608db42251d675da83286b1cce702) (ScriptedImporter) -> (artifact id: 'b2a4fa04abda691b5b3eaaa3c468249f') in 0.0133945 seconds
Number of updated asset objects reloaded before import = 0Number of asset objects unloaded after import = 5

========================================================================
Received Import Request.
  Time since last request: 0.000025 seconds.
  path: Assets/IndieDevs/Visual Novel Engine/Example/Images/Characters/chinatsu_schwin_normalblush.png
  artifactKey: Guid(be9b909e40d81d14d8fb12bc9f886346) Importer(2089858483,192608db42251d675da83286b1cce702)
Start importing Assets/IndieDevs/Visual Novel Engine/Example/Images/Characters/chinatsu_schwin_normalblush.png using Guid(be9b909e40d81d14d8fb12bc9f886346) Importer(2089858483,192608db42251d675da83286b1cce702) (ScriptedImporter) -> (artifact id: 'bd19cb8e9af70193ec7698297d8c2bb7') in 0.0144786 seconds
Number of updated asset objects reloaded before import = 0Number of asset objects unloaded after import = 3

========================================================================
Received Import Request.
  Time since last request: 0.000029 seconds.
  path: Assets/IndieDevs/Visual Novel Engine/Example/Fields/Audio.asset
  artifactKey: Guid(619a5d9752c03c14aac9406dfc605cd0) Importer(2089858483,192608db42251d675da83286b1cce702)
Start importing Assets/IndieDevs/Visual Novel Engine/Example/Fields/Audio.asset using Guid(619a5d9752c03c14aac9406dfc605cd0) Importer(2089858483,192608db42251d675da83286b1cce702) (ScriptedImporter) -> (artifact id: '1a295427f7d111cb7709eebd278aae24') in 0.003676 seconds
Number of updated asset objects reloaded before import = 0Number of asset objects unloaded after import = 1

========================================================================
Received Import Request.
  Time since last request: 0.000018 seconds.
  path: Assets/IndieDevs/Visual Novel Engine/Example/Images/Characters/tomomi_schwin_poutangry.png
  artifactKey: Guid(36bad8c699564584589acad54f9f6ebf) Importer(2089858483,192608db42251d675da83286b1cce702)
Start importing Assets/IndieDevs/Visual Novel Engine/Example/Images/Characters/tomomi_schwin_poutangry.png using Guid(36bad8c699564584589acad54f9f6ebf) Importer(2089858483,192608db42251d675da83286b1cce702) (ScriptedImporter) -> (artifact id: 'fcf2161448d3db0bb4124bc9411d9e8c') in 0.0166707 seconds
Number of updated asset objects reloaded before import = 0Number of asset objects unloaded after import = 3

Editor requested this worker to shutdown with reason: Scaling down because of idle timeout
AssetImportWorker is now disconnected from the server
Process exiting
Exiting without the bug reporter. Application will terminate with return code 0